Waf: Entering directory `/home/wilson/hpcc/build'
Waf: Leaving directory `/home/wilson/hpcc/build'
'build' finished successfully (0.461s)
ENABLE_QCN			Yes
USE_DYNAMIC_PFC_THRESHOLD	Yes
PACKET_PAYLOAD_SIZE		1000
TOPOLOGY_FILE			experiments/topology.txt
FLOW_FILE			experiments/test/oracle.txt
TRACE_FILE			experiments/trace.txt
TRACE_OUTPUT_FILE		experiments/trace.tr
FCT_OUTPUT_FILE		experiments/test/fct_oracle.txt
PFC_OUTPUT_FILE				experiments/test/pfc.txt
SIMULATOR_STOP_TIME		40
CC_MODE		3
ALPHA_RESUME_INTERVAL		1
RATE_DECREASE_INTERVAL		4
CLAMP_TARGET_RATE		No
RP_TIMER			300
EWMA_GAIN			0.00390625
FAST_RECOVERY_TIMES		1
RATE_AI				16Mb/s
RATE_HAI			16Mb/s
MIN_RATE		100Mb/s
DCTCP_RATE_AI				1000Mb/s
ERROR_RATE_PER_LINK		0
L2_CHUNK_SIZE			4000
L2_ACK_INTERVAL			1
L2_BACK_TO_ZERO			No
HAS_WIN		1
GLOBAL_T		1
VAR_WIN		1
FAST_REACT		1
U_TARGET		0.95
MI_THRESH		0
INT_MULTI				1
MULTI_RATE				0
SAMPLE_FEEDBACK				0
RATE_BOUND		1
ACK_HIGH_PRIO		0
LINK_DOWN				0 0 0
ENABLE_TRACE				1
KMAX_MAP				 40000000000 640 160000000000 2560
KMIN_MAP				 40000000000 160 160000000000 640
PMAX_MAP				 40000000000 0.2 160000000000 0.2
BUFFER_SIZE				12
QLEN_MON_FILE				experiments/test/qlen.txt
QLEN_MON_START				1000000000
QLEN_MON_END				1100000000
maxRtt=2100 maxBdp=10500
Running Simulation.
Command ['/home/wilson/hpcc/build/scratch/third', 'experiments/test/config_oracle.txt'] terminated with signal SIGTERM. Run it under a debugger to get more information (./waf --run <program> --command-template="gdb --args %s <args>").
